When you run the test suite with:

